bun test v1.3.14 (0d9b296a)

src/specimens.test.ts:
(pass) BorderBench Specimens > generates exactly 120 specimens [0.05ms]
(pass) BorderBench Specimens > unique specimen IDs [0.23ms]
(pass) BorderBench Specimens > valid attributes across all specimens [0.40ms]

src/prompt.test.ts:

# Unhandled error between tests
-------------------------------
error: Cannot find module './prompt.ts' from '/tmp/bb-base-ts/src/prompt.test.ts'
-------------------------------


src/recipes.test.ts:
22 |       corner_uniformity: counts((s) => s.corner_uniformity),
23 |       elevation: counts((s) => s.elevation),
24 |     };
25 |     for (const [axis, axisCounts] of Object.entries(axes)) {
26 |       for (const [value, count] of axisCounts) {
27 |         expect(`${axis}=${value}: ${count}`).toBe(`${axis}=${value}: ${count >= MIN_PER_LABEL ? count : `ONLY ${count}, need ${MIN_PER_LABEL}`}`);
                                                  ^
error: expect(received).toBe(expected)

Expected: "stroke_style=double: ONLY 4, need 8"
Received: "stroke_style=double: 4"

      at <anonymous> (/tmp/bb-base-ts/src/recipes.test.ts:27:46)
(fail) BorderBench recipes > every graded label value meets the minimum sample quota [0.94ms]
34 |     // ring-only is a rendered 1px outline and stays visible; the pixel-contrast
35 |     // gate verifies every boundary independently.
36 |     const invisible = SPECIMENS.filter(
37 |       (s) => s.theme === "white-on-white" && !s.has_border && s.elevation === "none",
38 |     );
39 |     expect(invisible.map((s) => s.id)).toEqual([]);
                                            ^
error: expect(received).toEqual(expected)

- []
+ [
+   "borderbench-031",
+   "borderbench-098",
+ ]

- Expected  - 1
+ Received  + 4

      at <anonymous> (/tmp/bb-base-ts/src/recipes.test.ts:39:40)
(fail) BorderBench recipes > no invisible-boundary combinations [0.27ms]
45 |         expect(s.corner_radius_px).toBe(18);
46 |       } else if (s.corner_uniformity === "asymmetric") {
47 |         // Three rounded corners carry the label; the acute corner is fixed 2px by design.
48 |         expect([...s.corner_radius_px].sort((a, b) => a - b)).toEqual([2, 18, 18, 18]);
49 |       } else {
50 |         expect(s.corner_radius_px.filter((v) => v > 0).every((v) => v === 18)).toBe(true);
                                                                                    ^
error: expect(received).toBe(expected)

Expected: true
Received: false

      at <anonymous> (/tmp/bb-base-ts/src/recipes.test.ts:50:80)
(fail) BorderBench recipes > large radius maps to one pixel value [0.33ms]
69 |       const tokens = `${s.title} ${s.subtitle} ${s.tag}`.toLowerCase().split(/[^a-z0-9+.-]+/);
70 |       for (const token of tokens) {
71 |         if (labels.has(token)) leaked.push(`${s.id}: ${token}`);
72 |       }
73 |     }
74 |     expect(leaked).toEqual([]);
                        ^
error: expect(received).toEqual(expected)

- []
+ [
+   "borderbench-001: sharp",
+   "borderbench-001: border",
+   "borderbench-001: radius",
+   "borderbench-001: curvature",
+   "borderbench-001: sharp",
+   "borderbench-001: 0px",
+   "borderbench-001: curvature",
+   "borderbench-002: subtle",
+   "borderbench-002: border",
+   "borderbench-002: radius",
+   "borderbench-002: curvature",
+   "borderbench-002: subtle",
+   "borderbench-002: curvature",
+   "borderbench-003: medium",
+   "borderbench-003: border",
+   "borderbench-003: radius",
+   "borderbench-003: curvature",
+   "borderbench-003: medium",
+   "borderbench-003: 8px",
+   "borderbench-003: curvature",
+   "borderbench-004: large",
+   "borderbench-004: border",
+   "borderbench-004: radius",
+   "borderbench-004: curvature",
+   "borderbench-004: large",
+   "borderbench-004: curvature",
+   "borderbench-005: pill",
+   "borderbench-005: border",
+   "borderbench-005: radius",
+   "borderbench-005: curvature",
+   "borderbench-005: pill",
+   "borderbench-005: curvature",
+   "borderbench-006: stroke",
+   "borderbench-006: 0px",
+   "borderbench-006: thickness",
+   "borderbench-006: 0px",
+   "borderbench-006: 0px",
+   "borderbench-006: thickness",
+   "borderbench-007: stroke",
+   "borderbench-007: 1px",
+   "borderbench-007: thickness",
+   "borderbench-007: 1px",
+   "borderbench-007: 1px",
+   "borderbench-007: thickness",
+   "borderbench-008: stroke",
+   "borderbench-008: 2px",
+   "borderbench-008: thickness",
+   "borderbench-008: 2px",
+   "borderbench-008: 2px",
+   "borderbench-008: thickness",
+   "borderbench-009: stroke",
+   "borderbench-009: 4px",
+   "borderbench-009: thickness",
+   "borderbench-009: 4px",
+   "borderbench-009: 4px",
+   "borderbench-009: thickness",
+   "borderbench-010: stroke",
+   "borderbench-010: 8px",
+   "borderbench-010: thickness",
+   "borderbench-010: 8px",
+   "borderbench-010: 8px",
+   "borderbench-010: thickness",
+   "borderbench-011: solid",
+   "borderbench-011: stroke",
+   "borderbench-011: pattern",
+   "borderbench-011: border",
+   "borderbench-011: solid",
+   "borderbench-011: pattern",
+   "borderbench-012: dashed",
+   "borderbench-012: stroke",
+   "borderbench-012: pattern",
+   "borderbench-012: border",
+   "borderbench-012: dashed",
+   "borderbench-012: pattern",
+   "borderbench-013: dotted",
+   "borderbench-013: stroke",
+   "borderbench-013: pattern",
+   "borderbench-013: border",
+   "borderbench-013: dotted",
+   "borderbench-013: pattern",
+   "borderbench-014: double",
+   "borderbench-014: stroke",
+   "borderbench-014: pattern",
+   "borderbench-014: border",
+   "borderbench-014: double",
+   "borderbench-014: pattern",
+   "borderbench-015: all-4",
+   "borderbench-015: all-4",
+   "borderbench-015: sides",
+   "borderbench-016: bottom-only",
+   "borderbench-016: bottom-only",
+   "borderbench-016: sides",
+   "borderbench-017: left-only",
+   "borderbench-017: left-only",
+   "borderbench-017: sides",
+   "borderbench-018: top-only",
+   "borderbench-018: top-only",
+   "borderbench-018: sides",
+   "borderbench-019: none",
+   "borderbench-019: none",
+   "borderbench-019: sides",
+   "borderbench-020: 8px",
+   "borderbench-020: uniformity",
+   "borderbench-021: sharp",
+   "borderbench-021: 0px",
+   "borderbench-021: uniformity",
+   "borderbench-022: asymmetric",
+   "borderbench-022: 2px",
+   "borderbench-022: uniformity",
+   "borderbench-023: border",
+   "borderbench-023: 1px",
+   "borderbench-023: border",
+   "borderbench-023: 0px",
+   "borderbench-023: shadow",
+   "borderbench-023: elevation",
+   "borderbench-024: subtle",
+   "borderbench-024: shadow",
+   "borderbench-024: 0px",
+   "borderbench-024: border",
+   "borderbench-024: elevation",
+   "borderbench-025: shadow",
+   "borderbench-025: 0px",
+   "borderbench-025: border",
+   "borderbench-025: elevation",
+   "borderbench-026: 0px",
+   "borderbench-026: border",
+   "borderbench-026: 1px",
+   "borderbench-026: elevation",
+   "borderbench-027: border",
+   "borderbench-027: shadow",
+   "borderbench-027: 1px",
+   "borderbench-027: border",
+   "borderbench-027: elevation",
+   "borderbench-028: 1px",
+   "borderbench-028: border",
+   "borderbench-028: contrast",
+   "borderbench-029: contrast",
+   "borderbench-029: border",
+   "borderbench-029: contrast",
+   "borderbench-030: border",
+   "borderbench-030: contrast",
+   "borderbench-031: border",
+   "borderbench-031: contrast",
+   "borderbench-032: 1px",
+   "borderbench-032: border",
+   "borderbench-032: contrast",
+   "borderbench-033: subtle",
+   "borderbench-033: stroke",
+   "borderbench-033: contrast",
+   "borderbench-034: 1px",
+   "borderbench-034: border",
+   "borderbench-034: contrast",
+   "borderbench-035: 0px",
+   "borderbench-035: border",
+   "borderbench-035: contrast",
+   "borderbench-036: subtle",
+   "borderbench-036: border",
+   "borderbench-036: contrast",
+   "borderbench-037: border",
+   "borderbench-037: contrast",
+   "borderbench-038: pill",
+   "borderbench-038: 0px",
+   "borderbench-038: none",
+   "borderbench-038: none",
+   "borderbench-038: composite",
+   "borderbench-039: medium",
+   "borderbench-039: 1px",
+   "borderbench-039: dashed",
+   "borderbench-039: left-only",
+   "borderbench-039: composite",
+   "borderbench-040: subtle",
+   "borderbench-040: 0px",
+   "borderbench-040: none",
+   "borderbench-040: none",
+   "borderbench-040: composite",
+   "borderbench-041: sharp",
+   "borderbench-041: 4px",
+   "borderbench-041: solid",
+   "borderbench-041: top-only",
+   "borderbench-041: composite",
+   "borderbench-042: medium",
+   "borderbench-042: 2px",
+   "borderbench-042: dashed",
+   "borderbench-042: all-4",
+   "borderbench-042: composite",
+   "borderbench-043: sharp",
+   "borderbench-043: 1px",
+   "borderbench-043: dotted",
+   "borderbench-043: left-only",
+   "borderbench-043: composite",
+   "borderbench-044: subtle",
+   "borderbench-044: 1px",
+   "borderbench-044: dotted",
+   "borderbench-044: bottom-only",
+   "borderbench-044: composite",
+   "borderbench-045: pill",
+   "borderbench-045: 1px",
+   "borderbench-045: solid",
+   "borderbench-045: top-only",
+   "borderbench-045: composite",
+   "borderbench-046: large",
+   "borderbench-046: 2px",
+   "borderbench-046: solid",
+   "borderbench-046: bottom-only",
+   "borderbench-046: composite",
+   "borderbench-047: subtle",
+   "borderbench-047: 4px",
+   "borderbench-047: dashed",
+   "borderbench-047: left-only",
+   "borderbench-047: composite",
+   "borderbench-048: large",
+   "borderbench-048: 2px",
+   "borderbench-048: solid",
+   "borderbench-048: top-only",
+   "borderbench-048: composite",
+   "borderbench-049: sharp",
+   "borderbench-049: 1px",
+   "borderbench-049: dotted",
+   "borderbench-049: bottom-only",
+   "borderbench-049: composite",
+   "borderbench-050: subtle",
+   "borderbench-050: 2px",
+   "borderbench-050: solid",
+   "borderbench-050: left-only",
+   "borderbench-050: composite",
+   "borderbench-051: large",
+   "borderbench-051: 2px",
+   "borderbench-051: solid",
+   "borderbench-051: left-only",
+   "borderbench-051: composite",
+   "borderbench-052: sharp",
+   "borderbench-052: 2px",
+   "borderbench-052: dashed",
+   "borderbench-052: bottom-only",
+   "borderbench-052: composite",
+   "borderbench-053: sharp",
+   "borderbench-053: 0px",
+   "borderbench-053: none",
+   "borderbench-053: none",
+   "borderbench-053: composite",
+   "borderbench-054: pill",
+   "borderbench-054: 2px",
+   "borderbench-054: dotted",
+   "borderbench-054: left-only",
+   "borderbench-054: composite",
+   "borderbench-055: subtle",
+   "borderbench-055: 0px",
+   "borderbench-055: none",
+   "borderbench-055: none",
+   "borderbench-055: composite",
+   "borderbench-056: sharp",
+   "borderbench-056: 2px",
+   "borderbench-056: solid",
+   "borderbench-056: top-only",
+   "borderbench-056: composite",
+   "borderbench-057: medium",
+   "borderbench-057: 2px",
+   "borderbench-057: solid",
+   "borderbench-057: left-only",
+   "borderbench-057: composite",
+   "borderbench-058: medium",
+   "borderbench-058: 4px",
+   "borderbench-058: solid",
+   "borderbench-058: top-only",
+   "borderbench-058: composite",
+   "borderbench-059: pill",
+   "borderbench-059: 2px",
+   "borderbench-059: dashed",
+   "borderbench-059: all-4",
+   "borderbench-059: composite",
+   "borderbench-060: large",
+   "borderbench-060: 4px",
+   "borderbench-060: double",
+   "borderbench-060: bottom-only",
+   "borderbench-060: composite",
+   "borderbench-061: pill",
+   "borderbench-061: 8px",
+   "borderbench-061: solid",
+   "borderbench-061: left-only",
+   "borderbench-061: composite",
+   "borderbench-062: sharp",
+   "borderbench-062: 1px",
+   "borderbench-062: solid",
+   "borderbench-062: left-only",
+   "borderbench-062: composite",
+   "borderbench-063: medium",
+   "borderbench-063: 0px",
+   "borderbench-063: none",
+   "borderbench-063: none",
+   "borderbench-063: composite",
+   "borderbench-064: pill",
+   "borderbench-064: 1px",
+   "borderbench-064: dotted",
+   "borderbench-064: top-only",
+   "borderbench-064: composite",
+   "borderbench-065: medium",
+   "borderbench-065: 1px",
+   "borderbench-065: dashed",
+   "borderbench-065: all-4",
+   "borderbench-065: composite",
+   "borderbench-066: medium",
+   "borderbench-066: 0px",
+   "borderbench-066: none",
+   "borderbench-066: none",
+   "borderbench-066: composite",
+   "borderbench-067: subtle",
+   "borderbench-067: 1px",
+   "borderbench-067: solid",
+   "borderbench-067: left-only",
+   "borderbench-067: composite",
+   "borderbench-068: large",
+   "borderbench-068: 1px",
+   "borderbench-068: dotted",
+   "borderbench-068: top-only",
+   "borderbench-068: composite",
+   "borderbench-069: large",
+   "borderbench-069: 2px",
+   "borderbench-069: solid",
+   "borderbench-069: top-only",
+   "borderbench-069: composite",
+   "borderbench-070: subtle",
+   "borderbench-070: 0px",
+   "borderbench-070: none",
+   "borderbench-070: none",
+   "borderbench-070: composite",
+   "borderbench-071: pill",
+   "borderbench-071: 1px",
+   "borderbench-071: solid",
+   "borderbench-071: left-only",
+   "borderbench-071: composite",
+   "borderbench-072: medium",
+   "borderbench-072: 1px",
+   "borderbench-072: solid",
+   "borderbench-072: bottom-only",
+   "borderbench-072: composite",
+   "borderbench-073: subtle",
+   "borderbench-073: 0px",
+   "borderbench-073: none",
+   "borderbench-073: none",
+   "borderbench-073: composite",
+   "borderbench-074: pill",
+   "borderbench-074: 1px",
+   "borderbench-074: solid",
+   "borderbench-074: top-only",
+   "borderbench-074: composite",
+   "borderbench-075: medium",
+   "borderbench-075: 4px",
+   "borderbench-075: solid",
+   "borderbench-075: all-4",
+   "borderbench-075: composite",
+   "borderbench-076: pill",
+   "borderbench-076: 1px",
+   "borderbench-076: dotted",
+   "borderbench-076: all-4",
+   "borderbench-076: composite",
+   "borderbench-077: sharp",
+   "borderbench-077: 1px",
+   "borderbench-077: solid",
+   "borderbench-077: bottom-only",
+   "borderbench-077: composite",
+   "borderbench-078: medium",
+   "borderbench-078: 0px",
+   "borderbench-078: none",
+   "borderbench-078: none",
+   "borderbench-078: composite",
+   "borderbench-079: pill",
+   "borderbench-079: 2px",
+   "borderbench-079: dashed",
+   "borderbench-079: left-only",
+   "borderbench-079: composite",
+   "borderbench-080: subtle",
+   "borderbench-080: 4px",
+   "borderbench-080: solid",
+   "borderbench-080: bottom-only",
+   "borderbench-080: composite",
+   "borderbench-081: medium",
+   "borderbench-081: 2px",
+   "borderbench-081: dashed",
+   "borderbench-081: all-4",
+   "borderbench-081: composite",
+   "borderbench-082: large",
+   "borderbench-082: 2px",
+   "borderbench-082: dotted",
+   "borderbench-082: left-only",
+   "borderbench-082: composite",
+   "borderbench-083: sharp",
+   "borderbench-083: 2px",
+   "borderbench-083: solid",
+   "borderbench-083: left-only",
+   "borderbench-083: composite",
+   "borderbench-084: pill",
+   "borderbench-084: 1px",
+   "borderbench-084: dotted",
+   "borderbench-084: left-only",
+   "borderbench-084: composite",
+   "borderbench-085: subtle",
+   "borderbench-085: 1px",
+   "borderbench-085: dotted",
+   "borderbench-085: left-only",
+   "borderbench-085: composite",
+   "borderbench-086: sharp",
+   "borderbench-086: 0px",
+   "borderbench-086: none",
+   "borderbench-086: none",
+   "borderbench-086: composite",
+   "borderbench-087: medium",
+   "borderbench-087: 1px",
+   "borderbench-087: dashed",
+   "borderbench-087: top-only",
+   "borderbench-087: composite",
+   "borderbench-088: pill",
+   "borderbench-088: 4px",
+   "borderbench-088: dotted",
+   "borderbench-088: bottom-only",
+   "borderbench-088: composite",
+   "borderbench-089: pill",
+   "borderbench-089: 8px",
+   "borderbench-089: solid",
+   "borderbench-089: bottom-only",
+   "borderbench-089: composite",
+   "borderbench-090: large",
+   "borderbench-090: 0px",
+   "borderbench-090: none",
+   "borderbench-090: none",
+   "borderbench-090: composite",
+   "borderbench-091: pill",
+   "borderbench-091: 0px",
+   "borderbench-091: none",
+   "borderbench-091: none",
+   "borderbench-091: composite",
+   "borderbench-092: pill",
+   "borderbench-092: 2px",
+   "borderbench-092: solid",
+   "borderbench-092: bottom-only",
+   "borderbench-092: composite",
+   "borderbench-093: medium",
+   "borderbench-093: 1px",
+   "borderbench-093: dotted",
+   "borderbench-093: all-4",
+   "borderbench-093: composite",
+   "borderbench-094: pill",
+   "borderbench-094: 8px",
+   "borderbench-094: solid",
+   "borderbench-094: all-4",
+   "borderbench-094: composite",
+   "borderbench-095: subtle",
+   "borderbench-095: 1px",
+   "borderbench-095: dotted",
+   "borderbench-095: bottom-only",
+   "borderbench-095: composite",
+   "borderbench-096: subtle",
+   "borderbench-096: 1px",
+   "borderbench-096: dotted",
+   "borderbench-096: left-only",
+   "borderbench-096: composite",
+   "borderbench-097: subtle",
+   "borderbench-097: 4px",
+   "borderbench-097: dotted",
+   "borderbench-097: top-only",
+   "borderbench-097: composite",
+   "borderbench-098: subtle",
+   "borderbench-098: 0px",
+   "borderbench-098: none",
+   "borderbench-098: none",
+   "borderbench-098: composite",
+   "borderbench-099: medium",
+   "borderbench-099: 1px",
+   "borderbench-099: dashed",
+   "borderbench-099: bottom-only",
+   "borderbench-099: composite",
+   "borderbench-100: subtle",
+   "borderbench-100: 0px",
+   "borderbench-100: none",
+   "borderbench-100: none",
+   "borderbench-100: composite",
+   "borderbench-101: sharp",
+   "borderbench-101: 1px",
+   "borderbench-101: dotted",
+   "borderbench-101: bottom-only",
+   "borderbench-101: composite",
+   "borderbench-102: subtle",
+   "borderbench-102: 1px",
+   "borderbench-102: solid",
+   "borderbench-102: bottom-only",
+   "borderbench-102: composite",
+   "borderbench-103: sharp",
+   "borderbench-103: 1px",
+   "borderbench-103: dashed",
+   "borderbench-103: left-only",
+   "borderbench-103: composite",
+   "borderbench-104: sharp",
+   "borderbench-104: 2px",
+   "borderbench-104: dotted",
+   "borderbench-104: top-only",
+   "borderbench-104: composite",
+   "borderbench-105: subtle",
+   "borderbench-105: 1px",
+   "borderbench-105: solid",
+   "borderbench-105: bottom-only",
+   "borderbench-105: composite",
+   "borderbench-106: medium",
+   "borderbench-106: 4px",
+   "borderbench-106: double",
+   "borderbench-106: bottom-only",
+   "borderbench-106: composite",
+   "borderbench-107: subtle",
+   "borderbench-107: 0px",
+   "borderbench-107: none",
+   "borderbench-107: none",
+   "borderbench-107: composite",
+   "borderbench-108: pill",
+   "borderbench-108: 1px",
+   "borderbench-108: solid",
+   "borderbench-108: all-4",
+   "borderbench-108: composite",
+   "borderbench-109: subtle",
+   "borderbench-109: 4px",
+   "borderbench-109: double",
+   "borderbench-109: left-only",
+   "borderbench-109: composite",
+   "borderbench-110: large",
+   "borderbench-110: 0px",
+   "borderbench-110: none",
+   "borderbench-110: none",
+   "borderbench-110: composite",
+   "borderbench-111: medium",
+   "borderbench-111: 1px",
+   "borderbench-111: solid",
+   "borderbench-111: all-4",
+   "borderbench-111: composite",
+   "borderbench-112: medium",
+   "borderbench-112: 1px",
+   "borderbench-112: solid",
+   "borderbench-112: left-only",
+   "borderbench-112: composite",
+   "borderbench-113: large",
+   "borderbench-113: 1px",
+   "borderbench-113: solid",
+   "borderbench-113: all-4",
+   "borderbench-113: composite",
+   "borderbench-114: subtle",
+   "borderbench-114: 2px",
+   "borderbench-114: solid",
+   "borderbench-114: left-only",
+   "borderbench-114: composite",
+   "borderbench-115: pill",
+   "borderbench-115: 4px",
+   "borderbench-115: dashed",
+   "borderbench-115: bottom-only",
+   "borderbench-115: composite",
+   "borderbench-116: large",
+   "borderbench-116: 0px",
+   "borderbench-116: none",
+   "borderbench-116: none",
+   "borderbench-116: composite",
+   "borderbench-117: sharp",
+   "borderbench-117: 0px",
+   "borderbench-117: none",
+   "borderbench-117: none",
+   "borderbench-117: composite",
+   "borderbench-118: pill",
+   "borderbench-118: 2px",
+   "borderbench-118: dotted",
+   "borderbench-118: left-only",
+   "borderbench-118: composite",
+   "borderbench-119: pill",
+   "borderbench-119: 1px",
+   "borderbench-119: solid",
+   "borderbench-119: all-4",
+   "borderbench-119: composite",
+   "borderbench-120: sharp",
+   "borderbench-120: 1px",
+   "borderbench-120: dotted",
+   "borderbench-120: left-only",
+   "borderbench-120: composite",
+ ]

- Expected  - 1
+ Received  + 577

      at <anonymous> (/tmp/bb-base-ts/src/recipes.test.ts:74:20)
(fail) BorderBench recipes > card copy carries no label text [2.15ms]

src/card-neutrality.test.ts:

# Unhandled error between tests
-------------------------------
SyntaxError: Export named 'generateCardHtml' not found in module '/tmp/bb-base-ts/src/render.ts'.
-------------------------------


 3 pass
 6 fail
 2 errors
 856 expect() calls
Ran 9 tests across 4 files. [564.00ms]
